2026-06-03 14:28:08 - EYE_MOVEMENT: Excessive eye movement detected
2026-06-03 14:28:14 - MULTIPLE_FACES: Detected 2 faces for 5 frames
2026-06-03 14:28:19 - FORBIDDEN_OBJECT: Detected cell phone with confidence 0.72
2026-06-03 14:28:24 - MULTIPLE_FACES: Detected 2 faces for 52 frames
2026-06-03 14:28:34 - MULTIPLE_FACES: Detected 2 faces for 73 frames
2026-06-03 14:28:35 - EYE_MOVEMENT: Excessive eye movement detected
2026-06-03 14:28:36 - VOICE_DETECTED: Voice activity detected
2026-06-03 14:28:40 - MOUTH_MOVEMENT: Excessive mouth movement detected (possible talking)
2026-06-03 14:28:45 - EYE_MOVEMENT: Excessive eye movement detected
2026-06-03 14:28:47 - MULTIPLE_FACES: Detected 2 faces for 5 frames
2026-06-03 14:29:05 - MULTIPLE_FACES: Detected 2 faces for 5 frames
2026-06-03 14:29:13 - EYE_MOVEMENT: Excessive eye movement detected
2026-06-03 14:29:15 - MULTIPLE_FACES: Detected 2 faces for 40 frames
2026-06-03 14:29:26 - MULTIPLE_FACES: Detected 2 faces for 72 frames
2026-06-03 14:29:36 - MULTIPLE_FACES: Detected 2 faces for 115 frames
2026-06-03 14:29:47 - MULTIPLE_FACES: Detected 2 faces for 5 frames
2026-06-03 14:29:50 - EYE_MOVEMENT: Excessive eye movement detected
2026-06-03 14:29:57 - MULTIPLE_FACES: Detected 2 faces for 28 frames
2026-06-03 14:30:01 - EYE_MOVEMENT: Excessive eye movement detected
2026-06-03 14:30:08 - MULTIPLE_FACES: Detected 2 faces for 66 frames
2026-06-03 14:30:09 - MOUTH_MOVEMENT: Excessive mouth movement detected (possible talking)
2026-06-03 14:30:18 - MULTIPLE_FACES: Detected 2 faces for 110 frames
2026-06-03 14:30:26 - EYE_MOVEMENT: Excessive eye movement detected
2026-06-03 14:30:28 - MULTIPLE_FACES: Detected 2 faces for 141 frames
2026-06-03 14:30:38 - MULTIPLE_FACES: Detected 2 faces for 176 frames
2026-06-03 14:31:51 - MULTIPLE_FACES: Detected 2 faces for 5 frames
2026-06-03 14:32:00 - EYE_MOVEMENT: Excessive eye movement detected
2026-06-03 14:32:04 - FORBIDDEN_OBJECT: Detected cell phone with confidence 0.66
2026-06-03 14:32:05 - MULTIPLE_FACES: Detected 2 faces for 5 frames
2026-06-03 14:32:15 - MULTIPLE_FACES: Detected 2 faces for 13 frames
2026-06-03 14:32:18 - EYE_MOVEMENT: Excessive eye movement detected
2026-06-03 14:32:19 - FORBIDDEN_OBJECT: Detected cell phone with confidence 0.78
2026-06-03 14:32:25 - MULTIPLE_FACES: Detected 2 faces for 51 frames
2026-06-03 14:32:31 - EYE_MOVEMENT: Excessive eye movement detected
2026-06-03 14:32:38 - MULTIPLE_FACES: Detected 2 faces for 5 frames
2026-06-03 15:22:13 - MULTIPLE_FACES: Detected 2 faces for 5 frames
2026-06-03 15:22:23 - MULTIPLE_FACES: Detected 2 faces for 23 frames
2026-06-03 15:22:27 - MOUTH_MOVEMENT: Excessive mouth movement detected (possible talking)
2026-06-03 15:22:33 - MULTIPLE_FACES: Detected 2 faces for 56 frames
2026-06-03 15:22:43 - MULTIPLE_FACES: Detected 2 faces for 86 frames
2026-06-03 15:22:46 - EYE_MOVEMENT: Excessive eye movement detected
2026-06-03 15:22:53 - MULTIPLE_FACES: Detected 2 faces for 121 frames
2026-06-03 15:24:51 - EYE_MOVEMENT: Excessive eye movement detected
2026-06-03 15:25:01 - VOICE_DETECTED: Voice activity detected
2026-06-03 15:25:08 - MULTIPLE_FACES: Detected 2 faces for 5 frames
2026-06-03 15:25:18 - MULTIPLE_FACES: Detected 2 faces for 5 frames
2026-06-03 15:25:18 - FORBIDDEN_OBJECT: Detected cell phone with confidence 0.71
2026-06-03 15:25:28 - MULTIPLE_FACES: Detected 2 faces for 42 frames
2026-06-03 15:25:29 - EYE_MOVEMENT: Excessive eye movement detected
2026-06-03 15:25:38 - MULTIPLE_FACES: Detected 2 faces for 85 frames
2026-06-03 15:25:40 - EYE_MOVEMENT: Excessive eye movement detected
2026-06-03 15:25:47 - VOICE_DETECTED: Voice activity detected
2026-06-03 15:25:48 - MULTIPLE_FACES: Detected 2 faces for 23 frames
2026-06-03 15:26:15 - EYE_MOVEMENT: Excessive eye movement detected
2026-06-03 15:26:37 - FORBIDDEN_OBJECT: Detected cell phone with confidence 0.66
2026-06-03 15:27:05 - FORBIDDEN_OBJECT: Detected cell phone with confidence 0.65
2026-06-03 15:27:35 - MULTIPLE_FACES: Detected 2 faces for 5 frames
2026-06-03 15:27:44 - EYE_MOVEMENT: Excessive eye movement detected
2026-06-03 15:27:45 - MULTIPLE_FACES: Detected 2 faces for 7 frames
2026-06-03 15:27:49 - VOICE_DETECTED: Voice activity detected
2026-06-03 15:27:55 - MULTIPLE_FACES: Detected 2 faces for 35 frames
2026-06-03 15:28:06 - MULTIPLE_FACES: Detected 2 faces for 63 frames
2026-06-03 15:28:11 - EYE_MOVEMENT: Excessive eye movement detected
2026-06-03 15:28:16 - MULTIPLE_FACES: Detected 2 faces for 85 frames
2026-06-03 15:28:26 - MULTIPLE_FACES: Detected 2 faces for 118 frames
2026-06-03 15:28:27 - EYE_MOVEMENT: Excessive eye movement detected
2026-06-03 15:32:27 - VOICE_DETECTED: Voice activity detected
2026-06-03 15:33:08 - EYE_MOVEMENT: Excessive eye movement detected
2026-06-03 15:33:09 - VOICE_DETECTED: Voice activity detected
2026-06-03 15:33:33 - MOUTH_MOVEMENT: Excessive mouth movement detected (possible talking)
2026-06-03 15:33:47 - FORBIDDEN_OBJECT: Detected cell phone with confidence 0.66
2026-06-03 15:33:51 - VOICE_DETECTED: Voice activity detected
2026-06-03 15:33:51 - EYE_MOVEMENT: Excessive eye movement detected
2026-06-03 15:34:02 - FACE_DISAPPEARED: Face disappeared for more than 5 seconds
2026-06-03 15:34:04 - FACE_REAPPEARED: Face reappeared after 7.4 seconds
2026-06-03 15:34:08 - MULTIPLE_FACES: Detected 2 faces for 5 frames
2026-06-03 15:34:18 - MULTIPLE_FACES: Detected 2 faces for 32 frames
2026-06-03 15:34:23 - EYE_MOVEMENT: Excessive eye movement detected
2026-06-03 15:34:28 - MULTIPLE_FACES: Detected 2 faces for 17 frames
2026-06-03 15:34:40 - MULTIPLE_FACES: Detected 2 faces for 49 frames
2026-06-03 15:34:46 - EYE_MOVEMENT: Excessive eye movement detected
2026-06-03 15:34:50 - MULTIPLE_FACES: Detected 2 faces for 76 frames
2026-06-03 15:34:58 - EYE_MOVEMENT: Excessive eye movement detected
2026-06-03 15:35:01 - MULTIPLE_FACES: Detected 2 faces for 105 frames
2026-06-03 15:35:06 - VOICE_DETECTED: Voice activity detected
2026-06-03 15:35:10 - EYE_MOVEMENT: Excessive eye movement detected
2026-06-03 15:35:11 - MULTIPLE_FACES: Detected 2 faces for 122 frames
2026-06-03 15:35:21 - MULTIPLE_FACES: Detected 2 faces for 144 frames
2026-06-03 15:35:23 - EYE_MOVEMENT: Excessive eye movement detected
2026-06-03 15:35:31 - MULTIPLE_FACES: Detected 2 faces for 162 frames
2026-06-03 15:35:42 - MULTIPLE_FACES: Detected 2 faces for 187 frames
2026-06-03 15:35:45 - EYE_MOVEMENT: Excessive eye movement detected
2026-06-03 15:35:52 - MULTIPLE_FACES: Detected 2 faces for 207 frames
2026-06-04 12:33:06 - MOUTH_MOVEMENT: Excessive mouth movement detected (possible talking)
2026-06-04 12:33:11 - MULTIPLE_FACES: Detected 2 faces for 5 frames
2026-06-04 12:33:13 - VOICE_DETECTED: Voice activity detected
2026-06-04 12:33:16 - EYE_MOVEMENT: Excessive eye movement detected
2026-06-04 12:33:39 - EYE_MOVEMENT: Excessive eye movement detected
2026-06-04 12:33:43 - MULTIPLE_FACES: Detected 2 faces for 5 frames
2026-06-04 12:33:52 - MOUTH_MOVEMENT: Excessive mouth movement detected (possible talking)
2026-06-04 12:33:53 - MULTIPLE_FACES: Detected 2 faces for 5 frames
2026-06-04 12:33:58 - EYE_MOVEMENT: Excessive eye movement detected
2026-06-04 12:34:10 - FACE_DISAPPEARED: Face disappeared for more than 5 seconds
2026-06-04 12:34:11 - FACE_REAPPEARED: Face reappeared after 6.1 seconds
2026-06-04 12:34:14 - EYE_MOVEMENT: Excessive eye movement detected
2026-06-04 12:34:32 - EYE_MOVEMENT: Excessive eye movement detected
2026-06-04 12:34:48 - EYE_MOVEMENT: Excessive eye movement detected
2026-06-04 12:34:59 - EYE_MOVEMENT: Excessive eye movement detected
2026-06-04 12:35:13 - VOICE_DETECTED: Voice activity detected
2026-06-04 12:35:15 - EYE_MOVEMENT: Excessive eye movement detected
2026-06-04 12:35:24 - VOICE_DETECTED: Voice activity detected
2026-06-04 12:35:30 - EYE_MOVEMENT: Excessive eye movement detected
2026-06-04 12:35:36 - MULTIPLE_FACES: Detected 2 faces for 5 frames
2026-06-04 12:35:40 - VOICE_DETECTED: Voice activity detected
2026-06-04 12:35:41 - EYE_MOVEMENT: Excessive eye movement detected
2026-06-04 12:35:51 - MULTIPLE_FACES: Detected 2 faces for 5 frames
2026-06-04 12:35:54 - VOICE_DETECTED: Voice activity detected
